// Jest Snapshot v1, https://goo.gl/fbAQLP

exports[`it matches snapshot 1`] = `
<StyledComponent
  forwardedComponent={
    Object {
      "$$typeof": Symbol(react.forward_ref),
      "attrs": Array [],
      "componentStyle": ComponentStyle {
        "componentId": "Button-sc-17t57oa-0",
        "isStatic": false,
        "rules": Array [
          "background:",
          [Function],
          ";color:white;",
        ],
      },
      "defaultProps": Object {
        "variant": "primary",
      },
      "displayName": "eds-button",
      "foldedComponentIds": Array [],
      "propTypes": Object {
        "variant": [Function],
      },
      "render": [Function],
      "styledComponentId": "Button-sc-17t57oa-0",
      "target": "button",
      "toString": [Function],
      "warnTooManyClasses": [Function],
      "withComponent": [Function],
    }
  }
  forwardedRef={null}
  variant="primary"
/>
`;
