// Jest Snapshot v1, https://goo.gl/fbAQLP

exports[`Card Matches snapshot 1`] = `
<DocumentFragment>
  .c4 {
  margin: 0;
  color: rgba(61,61,61,1);
  font-family: Equinor;
  font-size: 1.125rem;
  font-weight: 500;
  line-height: 1.333em;
  -webkit-letter-spacing: 0.013em;
  -moz-letter-spacing: 0.013em;
  -ms-letter-spacing: 0.013em;
  letter-spacing: 0.013em;
  text-align: left;
}

.c5 {
  margin: 0;
  color: rgba(61,61,61,1);
  font-family: Equinor;
  font-size: 1.000rem;
  font-weight: 400;
  line-height: 1.250em;
  text-align: left;
}

.c0 {
  height: -webkit-fit-content;
  height: -moz-fit-content;
  height: fit-content;
  width: 100%;
  position: relative;
  background-color: var(--eds_ui_background__default,rgba(255,255,255,1));
  box-sizing: border-box;
  display: grid;
  grid-gap: 16px;
  grid-auto-columns: auto;
  -webkit-align-items: center;
  -webkit-box-align: center;
  -ms-flex-align: center;
  align-items: center;
  -webkit-align-content: start;
  -ms-flex-line-pack: start;
  align-content: start;
  cursor: default;
  border-radius: 4px;
}

.c1 {
  display: -webkit-box;
  display: -webkit-flex;
  display: -ms-flexbox;
  display: flex;
  width: auto;
}

.c1 > * {
  width: 100%;
}

.c1:first-child img {
  border-top-right-radius: 4px;
  border-top-left-radius: 4px;
}

.c1:last-child img {
  border-bottom-right-radius: 4px;
  border-bottom-left-radius: 4px;
}

.c2 {
  display: -webkit-box;
  display: -webkit-flex;
  display: -ms-flexbox;
  display: flex;
  -webkit-box-pack: justify;
  -webkit-justify-content: space-between;
  -ms-flex-pack: justify;
  justify-content: space-between;
  -webkit-align-items: center;
  -webkit-box-align: center;
  -ms-flex-align: center;
  align-items: center;
  padding: 0 16px 0 16px;
}

.c2 >:not(:first-child) {
  margin-left: 16px;
}

.c2:first-child {
  padding-top: 16px;
}

.c2:last-child {
  padding-bottom: 16px;
}

.c3 {
  display: grid;
  -webkit-box-flex: 2;
  -webkit-flex-grow: 2;
  -ms-flex-positive: 2;
  flex-grow: 2;
  grid-auto-columns: auto;
}

<div
    class="c0"
    cursor="default"
  >
    <div
      class="c1"
    >
      <img
        alt="cat"
        src="https://i.imgur.com/UM3mrju.jpg"
      />
    </div>
    <div
      class="c2"
    >
      <div
        class="c3"
      >
        <h5
          class="c4"
        >
          Another interactive example
        </h5>
        <p
          class="c5"
        >
          Unfortunately you cannot control children in storybook yet
        </p>
      </div>
    </div>
    <p
      class="c5"
    >
      Leading images are full width, and go straight to the top - ignoring spacings
    </p>
  </div>
</DocumentFragment>
`;
