// Jest Snapshot v1, https://goo.gl/fbAQLP

exports[`Pagination Matches snapshot 1`] = `
<DocumentFragment>
  .c0 {
  display: -webkit-box;
  display: -webkit-flex;
  display: -ms-flexbox;
  display: flex;
  -webkit-box-pack: justify;
  -webkit-justify-content: space-between;
  -ms-flex-pack: justify;
  justify-content: space-between;
  -webkit-align-items: center;
  -webkit-box-align: center;
  -ms-flex-align: center;
  align-items: center;
  -webkit-flex-wrap: nowrap;
  -ms-flex-wrap: nowrap;
  flex-wrap: nowrap;
  margin-left: 0;
}

.c1 {
  list-style: none;
  margin: 0;
  padding: 0;
  display: grid;
  grid-gap: 8px;
  grid-auto-flow: column;
}

.c2 {
  display: inline-grid;
}

<nav
    aria-label="pagination"
    class="c0"
  >
    <ol
      class="c1"
      style="grid-template-columns: repeat(3, 48px);"
    >
      <li
        class="c2"
      >
        <button
          aria-label="Go to previous page"
          class="eds-btn eds-typography-navigation__btn eds-btn--primary eds-btn--ghost-icon"
          disabled=""
          tabindex="0"
        >
          <span
            class="eds-btn-inner"
          >
            <svg
              aria-hidden="true"
              class=""
              fill="currentColor"
              height="24px"
              viewBox="0 0 24 24"
              width="24px"
              xmlns="http://www.w3.org/2000/svg"
            >
              <path
                class=""
                clip-rule="evenodd"
                d="M15.705 16.59L11.125 12l4.58-4.59L14.295 6l-6 6 6 6 1.41-1.41z"
                data-testid="eds-icon-path"
                fill-rule="evenodd"
                height="24"
              />
            </svg>
          </span>
        </button>
      </li>
      <li
        class="c2"
      >
        <button
          aria-current="1"
          aria-label="Current page, page 1"
          class="eds-btn eds-typography-navigation__btn eds-btn--primary eds-btn--ghost-icon"
          page="1"
          tabindex="0"
        >
          <span
            class="eds-btn-inner"
          >
            1
          </span>
        </button>
      </li>
      <li
        class="c2"
      >
        <button
          aria-label="Go to next page"
          class="eds-btn eds-typography-navigation__btn eds-btn--primary eds-btn--ghost-icon"
          disabled=""
          tabindex="0"
        >
          <span
            class="eds-btn-inner"
          >
            <svg
              aria-hidden="true"
              class=""
              fill="currentColor"
              height="24px"
              viewBox="0 0 24 24"
              width="24px"
              xmlns="http://www.w3.org/2000/svg"
            >
              <path
                class=""
                clip-rule="evenodd"
                d="M8.295 16.59l4.58-4.59-4.58-4.59L9.705 6l6 6-6 6-1.41-1.41z"
                data-testid="eds-icon-path"
                fill-rule="evenodd"
                height="24"
              />
            </svg>
          </span>
        </button>
      </li>
    </ol>
  </nav>
</DocumentFragment>
`;
